// Jest Snapshot v1, https://goo.gl/fbAQLP

exports[`PostsContainer test renders without crash 1`] = `
<div>
  <PostDisplay
    key="0"
    post={
      Object {
        "author": Object {
          "image": "",
          "userName": "userName",
          "user_id": "userId",
        },
        "likes": Array [],
        "style": Object {
          "backgroundColor": "#ffffff",
          "color": "#ffffff",
          "fontFamily": "Roboto",
          "fontSize": 40,
          "fontWeight": 400,
          "textAlign": "left",
        },
        "textContent": "",
      }
    }
  />
</div>
`;
