// Jest Snapshot v1, https://goo.gl/fbAQLP

exports[`TextAlignSelect test renders without crash 1`] = `
<WithStyles(ForwardRef(Select))
  defaultValue="left"
  fullWidth={true}
  onChange={[Function]}
>
  <WithStyles(ForwardRef(MenuItem))
    key="0"
    value="left"
  >
    Left
  </WithStyles(ForwardRef(MenuItem))>
  <WithStyles(ForwardRef(MenuItem))
    key="1"
    value="right"
  >
    Right
  </WithStyles(ForwardRef(MenuItem))>
  <WithStyles(ForwardRef(MenuItem))
    key="2"
    value="justify"
  >
    Justify
  </WithStyles(ForwardRef(MenuItem))>
  <WithStyles(ForwardRef(MenuItem))
    key="3"
    value="center"
  >
    Center
  </WithStyles(ForwardRef(MenuItem))>
</WithStyles(ForwardRef(Select))>
`;
