// Jest Snapshot v1, https://goo.gl/fbAQLP

exports[`FontFamilySelect test renders without crash 1`] = `
<WithStyles(ForwardRef(Select))
  defaultValue={8}
  fullWidth={true}
  onChange={[Function]}
>
  <WithStyles(ForwardRef(MenuItem))
    key="0"
    value={0}
  >
    Caveat
  </WithStyles(ForwardRef(MenuItem))>
  <WithStyles(ForwardRef(MenuItem))
    key="1"
    value={1}
  >
    Dancing Script
  </WithStyles(ForwardRef(MenuItem))>
  <WithStyles(ForwardRef(MenuItem))
    key="2"
    value={2}
  >
    Kalam
  </WithStyles(ForwardRef(MenuItem))>
  <WithStyles(ForwardRef(MenuItem))
    key="3"
    value={3}
  >
    Lemonada
  </WithStyles(ForwardRef(MenuItem))>
  <WithStyles(ForwardRef(MenuItem))
    key="4"
    value={4}
  >
    Lobster
  </WithStyles(ForwardRef(MenuItem))>
  <WithStyles(ForwardRef(MenuItem))
    key="5"
    value={5}
  >
    Montserrat
  </WithStyles(ForwardRef(MenuItem))>
  <WithStyles(ForwardRef(MenuItem))
    key="6"
    value={6}
  >
    Montserrat Alternates
  </WithStyles(ForwardRef(MenuItem))>
  <WithStyles(ForwardRef(MenuItem))
    key="7"
    value={7}
  >
    Permanent Marker
  </WithStyles(ForwardRef(MenuItem))>
  <WithStyles(ForwardRef(MenuItem))
    key="8"
    value={8}
  >
    Roboto
  </WithStyles(ForwardRef(MenuItem))>
  <WithStyles(ForwardRef(MenuItem))
    key="9"
    value={9}
  >
    Sansita Swashed
  </WithStyles(ForwardRef(MenuItem))>
</WithStyles(ForwardRef(Select))>
`;
