// Jest Snapshot v1, https://goo.gl/fbAQLP

exports[`FontSizeSelect test renders without crash 1`] = `
<WithStyles(ForwardRef(Select))
  defaultValue={40}
  fullWidth={true}
  onChange={[Function]}
>
  <WithStyles(ForwardRef(MenuItem))
    key="0"
    value={16}
  >
    16
  </WithStyles(ForwardRef(MenuItem))>
  <WithStyles(ForwardRef(MenuItem))
    key="1"
    value={20}
  >
    20
  </WithStyles(ForwardRef(MenuItem))>
  <WithStyles(ForwardRef(MenuItem))
    key="2"
    value={22}
  >
    22
  </WithStyles(ForwardRef(MenuItem))>
  <WithStyles(ForwardRef(MenuItem))
    key="3"
    value={24}
  >
    24
  </WithStyles(ForwardRef(MenuItem))>
  <WithStyles(ForwardRef(MenuItem))
    key="4"
    value={28}
  >
    28
  </WithStyles(ForwardRef(MenuItem))>
  <WithStyles(ForwardRef(MenuItem))
    key="5"
    value={32}
  >
    32
  </WithStyles(ForwardRef(MenuItem))>
  <WithStyles(ForwardRef(MenuItem))
    key="6"
    value={36}
  >
    36
  </WithStyles(ForwardRef(MenuItem))>
  <WithStyles(ForwardRef(MenuItem))
    key="7"
    value={40}
  >
    40
  </WithStyles(ForwardRef(MenuItem))>
  <WithStyles(ForwardRef(MenuItem))
    key="8"
    value={48}
  >
    48
  </WithStyles(ForwardRef(MenuItem))>
  <WithStyles(ForwardRef(MenuItem))
    key="9"
    value={56}
  >
    56
  </WithStyles(ForwardRef(MenuItem))>
  <WithStyles(ForwardRef(MenuItem))
    key="10"
    value={64}
  >
    64
  </WithStyles(ForwardRef(MenuItem))>
  <WithStyles(ForwardRef(MenuItem))
    key="11"
    value={72}
  >
    72
  </WithStyles(ForwardRef(MenuItem))>
  <WithStyles(ForwardRef(MenuItem))
    key="12"
    value={144}
  >
    144
  </WithStyles(ForwardRef(MenuItem))>
</WithStyles(ForwardRef(Select))>
`;
