// Jest Snapshot v1, https://goo.gl/fbAQLP

exports[`Landing component renders without crashing 1`] = `ReactWrapper {}`;
